snpid	1_9606_a	1_9606_d	1_24328_a	1_24328_d	1_62672_a	1_62672_d	1_62706_a	1_62706_d	1_67653_a	1_67653_d	1_71168_a	1_71168_d	1_72038_a	1_72038_d	1_72065_a	1_72065_d	1_72823_a	1_72823_d	1_93254_a	1_93254_d	1_115272_a	1_115272_d	1_115393_a	1_115393_d	1_127683_a	1_127683_d	1_127822_a	1_127822_d	1_139159_a	1_139159_d	1_139213_a	1_139213_d	1_146258_a	1_146258_d	1_146855_a	1_146855_d	1_147140_a	1_147140_d	1_153220_a	1_153220_d	1_172982_a	1_172982_d	1_225138_a	1_225138_d	1_234043_a	1_234043_d	1_238730_a	1_238730_d	1_239113_a	1_239113_d	1_239276_a	1_239276_d	1_241823_a	1_241823_d	1_241824_a	1_241824_d	1_265418_a	1_265418_d	1_267426_a	1_267426_d	1_267530_a	1_267530_d	1_267721_a	1_267721_d	1_271339_a	1_271339_d	1_272833_a	1_272833_d	1_273881_a	1_273881_d	1_276545_a	1_276545_d	1_288224_a	1_288224_d	1_292846_a	1_292846_d	1_293148_a	1_293148_d	1_300454_a	1_300454_d	1_301765_a	1_301765_d	1_305223_a	1_305223_d	1_324748_a	1_324748_d	1_324944_a	1_324944_d	1_325012_a	1_325012_d	1_333078_a	1_333078_d	1_355625_a	1_355625_d	1_359365_a	1_359365_d	1_365184_a	1_365184_d	1_376071_a	1_376071_d	1_379704_a	1_379704_d	1_385918_a	1_385918_d	1_391361_a	1_391361_d	1_396052_a	1_396052_d	1_397166_a	1_397166_d	1_397922_a	1_397922_d	1_398627_a	1_398627_d	1_399226_a	1_399226_d	1_400174_a	1_400174_d	1_402396_a	1_402396_d	1_407851_a	1_407851_d	1_413149_a	1_413149_d	1_422766_a	1_422766_d	1_424698_a	1_424698_d	1_424768_a	1_424768_d	1_425524_a	1_425524_d	1_425841_a	1_425841_d	1_432002_a	1_432002_d	1_433388_a	1_433388_d	1_433775_a	1_433775_d	1_435907_a	1_435907_d	1_436942_a	1_436942_d	1_439678_a	1_439678_d	1_452937_a	1_452937_d	1_456124_a	1_456124_d	1_457769_a	1_457769_d	1_459077_a	1_459077_d	1_459233_a	1_459233_d	1_459898_a	1_459898_d	1_464075_a	1_464075_d	1_465516_a	1_465516_d	1_478573_a	1_478573_d	1_480134_a	1_480134_d	1_482441_a	1_482441_d	1_484609_a	1_484609_d	1_486390_a	1_486390_d	1_487528_a	1_487528_d	1_488702_a	1_488702_d	1_495840_a	1_495840_d	1_496404_a	1_496404_d	1_499859_a	1_499859_d	1_507674_a	1_507674_d	1_513117_a	1_513117_d	1_515167_a	1_515167_d	1_515205_a	1_515205_d	1_515961_a	1_515961_d	1_516295_a	1_516295_d	1_518344_a	1_518344_d	1_520376_a	1_520376_d	1_526047_a	1_526047_d	1_527180_a	1_527180_d	1_527682_a	1_527682_d	1_529037_a	1_529037_d	1_529041_a	1_529041_d	1_530572_a	1_530572_d	1_534283_a	1_534283_d	1_534782_a	1_534782_d	1_534846_a	1_534846_d	1_535931_a	1_535931_d	1_539547_a	1_539547_d	1_540399_a	1_540399_d	1_541044_a	1_541044_d	1_542499_a	1_542499_d	1_545459_a	1_545459_d	1_579940_a	1_579940_d	1_586541_a	1_586541_d	1_588346_a	1_588346_d	1_588590_a	1_588590_d	1_596981_a	1_596981_d	1_597633_a	1_597633_d	1_598203_a	1_598203_d	1_600767_a	1_600767_d	1_610287_a	1_610287_d	1_614320_a	1_614320_d	1_614579_a	1_614579_d	1_615029_a	1_615029_d	1_618989_a	1_618989_d	1_621208_a	1_621208_d	1_622842_a	1_622842_d	1_622931_a	1_622931_d	1_623890_a	1_623890_d	1_623976_a	1_623976_d	1_624101_a	1_624101_d	1_624785_a	1_624785_d	1_625580_a	1_625580_d	1_628961_a	1_628961_d	1_630647_a	1_630647_d	1_630953_a	1_630953_d	1_632549_a	1_632549_d	1_643530_a	1_643530_d	1_645453_a	1_645453_d	1_654764_a	1_654764_d	1_655134_a	1_655134_d	1_658439_a	1_658439_d	1_659485_a	1_659485_d	1_659845_a	1_659845_d	1_660399_a	1_660399_d	1_660935_a	1_660935_d	1_681011_a	1_681011_d	1_682081_a	1_682081_d	1_683384_a	1_683384_d	1_683436_a	1_683436_d	1_692361_a	1_692361_d	1_694790_a	1_694790_d	1_696761_a	1_696761_d	1_699408_a	1_699408_d	1_699483_a	1_699483_d	1_699484_a	1_699484_d	1_699721_a	1_699721_d	1_699840_a	1_699840_d	1_700552_a	1_700552_d	1_703924_a	1_703924_d	1_704988_a	1_704988_d	1_705154_a	1_705154_d	1_706240_a	1_706240_d	1_706524_a	1_706524_d	1_707367_a	1_707367_d	1_710525_a	1_710525_d	1_710900_a	1_710900_d	1_720861_a	1_720861_d	1_720958_a	1_720958_d	1_723266_a	1_723266_d	1_724135_a	1_724135_d	1_726836_a	1_726836_d	1_731018_a	1_731018_d	1_740492_a	1_740492_d	1_761601_a	1_761601_d	1_762301_a	1_762301_d	1_763418_a	1_763418_d	1_763505_a	1_763505_d	1_764519_a	1_764519_d	1_765048_a	1_765048_d	1_768760_a	1_768760_d	1_768767_a	1_768767_d	1_769939_a	1_769939_d	1_773793_a	1_773793_d	1_778471_a	1_778471_d	1_778718_a	1_778718_d	1_780279_a	1_780279_d	1_780350_a	1_780350_d	1_781628_a	1_781628_d	1_782082_a	1_782082_d	1_786044_a	1_786044_d	1_787396_a	1_787396_d	1_791313_a	1_791313_d	1_792770_a	1_792770_d	1_792914_a	1_792914_d	1_793581_a	1_793581_d	1_793733_a	1_793733_d	1_795151_a	1_795151_d	1_795294_a	1_795294_d	1_795379_a	1_795379_d	1_795876_a	1_795876_d	1_796502_a	1_796502_d	1_796587_a	1_796587_d	1_797843_a	1_797843_d	1_797924_a	1_797924_d	1_798307_a	1_798307_d	1_804211_a	1_804211_d	1_804352_a	1_804352_d	1_806120_a	1_806120_d	1_812861_a	1_812861_d	1_818558_a	1_818558_d	1_819406_a	1_819406_d	1_821081_a	1_821081_d	1_821209_a	1_821209_d	1_821564_a	1_821564_d	1_821849_a	1_821849_d	1_823124_a	1_823124_d	1_824633_a	1_824633_d	1_831012_a	1_831012_d	1_831287_a	1_831287_d	1_832215_a	1_832215_d	1_834034_a	1_834034_d	1_835159_a	1_835159_d	1_838797_a	1_838797_d	1_841519_a	1_841519_d	1_841725_a	1_841725_d	1_842449_a	1_842449_d	1_843034_a	1_843034_d	1_848822_a	1_848822_d	1_849395_a	1_849395_d	1_855052_a	1_855052_d	1_859261_a	1_859261_d	1_859353_a	1_859353_d	1_862035_a	1_862035_d	1_863849_a	1_863849_d	1_863854_a	1_863854_d	1_865019_a	1_865019_d	1_866230_a	1_866230_d	1_869632_a	1_869632_d	1_871074_a	1_871074_d	1_872813_a	1_872813_d	1_876230_a	1_876230_d	1_878788_a	1_878788_d	1_880621_a	1_880621_d	1_880816_a	1_880816_d	1_882439_a	1_882439_d	1_882525_a	1_882525_d	1_884000_a	1_884000_d	1_887622_a	1_887622_d	1_887738_a	1_887738_d	1_887765_a	1_887765_d	1_889041_a	1_889041_d	1_891310_a	1_891310_d	1_891792_a	1_891792_d	1_892169_a	1_892169_d	1_892771_a	1_892771_d	1_893032_a	1_893032_d	1_894369_a	1_894369_d	1_897213_a	1_897213_d	1_897424_a	1_897424_d	1_897667_a	1_897667_d	1_906238_a	1_906238_d	1_928820_a	1_928820_d	1_929381_a	1_929381_d	1_930217_a	1_930217_d	1_934093_a	1_934093_d	1_935972_a	1_935972_d	1_936873_a	1_936873_d	1_945400_a	1_945400_d	1_945613_a	1_945613_d	1_945724_a	1_945724_d	1_945953_a	1_945953_d	1_946650_a	1_946650_d	1_946795_a	1_946795_d	1_947965_a	1_947965_d	1_953781_a	1_953781_d	1_953842_a	1_953842_d	1_957830_a	1_957830_d	1_957843_a	1_957843_d	1_961803_a	1_961803_d	1_962918_a	1_962918_d	1_967417_a	1_967417_d	1_967553_a	1_967553_d	1_967731_a	1_967731_d	1_970333_a	1_970333_d	1_973402_a	1_973402_d	1_977549_a	1_977549_d	1_978085_a	1_978085_d	1_978696_a	1_978696_d	1_980880_a	1_980880_d	1_980977_a	1_980977_d	1_981104_a	1_981104_d	1_982012_a	1_982012_d	1_982088_a	1_982088_d	1_986956_a	1_986956_d	1_992614_a	1_992614_d	1_993353_a	1_993353_d	1_995324_a	1_995324_d	1_995365_a	1_995365_d	1_995778_a	1_995778_d	1_999193_a	1_999193_d	1_999471_a	1_999471_d	1_999853_a	1_999853_d	1_1000950_a	1_1000950_d	1_1001014_a	1_1001014_d	1_1001211_a	1_1001211_d	1_1001335_a	1_1001335_d	1_1004639_a	1_1004639_d	1_1005556_a	1_1005556_d	1_1005977_a	1_1005977_d	1_1006594_a	1_1006594_d	1_1007635_a	1_1007635_d	1_1008054_a	1_1008054_d	1_1008168_a	1_1008168_d	1_1008216_a	1_1008216_d	1_1009004_a	1_1009004_d	1_1009460_a	1_1009460_d	1_1009634_a	1_1009634_d	1_1010566_a	1_1010566_d	1_1010859_a	1_1010859_d	1_1011391_a	1_1011391_d	1_1011395_a	1_1011395_d	1_1011533_a	1_1011533_d	1_1013167_a	1_1013167_d	1_1013536_a	1_1013536_d	1_1013928_a	1_1013928_d	1_1014085_a	1_1014085_d	1_1014201_a	1_1014201_d	1_1014784_a	1_1014784_d	1_1015461_a	1_1015461_d	1_1016541_a	1_1016541_d	1_1016609_a	1_1016609_d	1_1021622_a	1_1021622_d	1_1025707_a	1_1025707_d	1_1026600_a	1_1026600_d	1_1027124_a	1_1027124_d	1_1027269_a	1_1027269_d	1_1027837_a	1_1027837_d	1_1028012_a	1_1028012_d	1_1028185_a	1_1028185_d	1_1029447_a	1_1029447_d	1_1029663_a	1_1029663_d	1_1035493_a	1_1035493_d	1_1037359_a	1_1037359_d	1_1040321_a	1_1040321_d	1_1040819_a	1_1040819_d	1_1041218_a	1_1041218_d	1_1041390_a	1_1041390_d	1_1041578_a	1_1041578_d	1_1041619_a	1_1041619_d	1_1041853_a	1_1041853_d	1_1042231_a	1_1042231_d	1_1042470_a	1_1042470_d	1_1043368_a	1_1043368_d	1_1044483_a	1_1044483_d	1_1045429_a	1_1045429_d	1_1050654_a	1_1050654_d	1_1050914_a	1_1050914_d	1_1051055_a	1_1051055_d	1_1051288_a	1_1051288_d	1_1051708_a	1_1051708_d	1_1054450_a	1_1054450_d	1_1055997_a	1_1055997_d	1_1056793_a	1_1056793_d	1_1057033_a	1_1057033_d	1_1057168_a	1_1057168_d	1_1057194_a	1_1057194_d	1_1058205_a	1_1058205_d	1_1059566_a	1_1059566_d	1_1061204_a	1_1061204_d	1_1070767_a	1_1070767_d	1_1072256_a	1_1072256_d	1_1072956_a	1_1072956_d	1_1075126_a	1_1075126_d	1_1075552_a	1_1075552_d	1_1075912_a	1_1075912_d	1_1096139_a	1_1096139_d	1_1096290_a	1_1096290_d	1_1097448_a	1_1097448_d	1_1098560_a	1_1098560_d	1_1100447_a	1_1100447_d	1_1100724_a	1_1100724_d	1_1101218_a	1_1101218_d	1_1101977_a	1_1101977_d	1_1102599_a	1_1102599_d	1_1105183_a	1_1105183_d	1_1105243_a	1_1105243_d	1_1106826_a	1_1106826_d	1_1108247_a	1_1108247_d	1_1123915_a	1_1123915_d	1_1123982_a	1_1123982_d	1_1128324_a	1_1128324_d	1_1129022_a	1_1129022_d	1_1129042_a	1_1129042_d	1_1129060_a	1_1129060_d	1_1129463_a	1_1129463_d	1_1129927_a	1_1129927_d	1_1130615_a	1_1130615_d	1_1131501_a	1_1131501_d	1_1131593_a	1_1131593_d	1_1131602_a	1_1131602_d	1_1131608_a	1_1131608_d	1_1131652_a	1_1131652_d	1_1132048_a	1_1132048_d	1_1132677_a	1_1132677_d	1_1132707_a	1_1132707_d	1_1133054_a	1_1133054_d	1_1133686_a	1_1133686_d	1_1135317_a	1_1135317_d	1_1135351_a	1_1135351_d	1_1137398_a	1_1137398_d	1_1137995_a	1_1137995_d	1_1139369_a	1_1139369_d	1_1140268_a	1_1140268_d	1_1141815_a	1_1141815_d	1_1147632_a	1_1147632_d	1_1148942_a	1_1148942_d	1_1150201_a	1_1150201_d	1_1151147_a	1_1151147_d	1_1152944_a	1_1152944_d	1_1153213_a	1_1153213_d	1_1153411_a	1_1153411_d	1_1154238_a	1_1154238_d	1_1158245_a	1_1158245_d	1_1158325_a	1_1158325_d	1_1159569_a	1_1159569_d	1_1161273_a	1_1161273_d	1_1166289_a	1_1166289_d	1_1169050_a	1_1169050_d	1_1169440_a	1_1169440_d	1_1169588_a	1_1169588_d	1_1170861_a	1_1170861_d	1_1172877_a	1_1172877_d	1_1177273_a	1_1177273_d	1_1178605_a	1_1178605_d	1_1180686_a	1_1180686_d	1_1182184_a	1_1182184_d	1_1183021_a	1_1183021_d	1_1183220_a	1_1183220_d	1_1185681_a	1_1185681_d	1_1185785_a	1_1185785_d	1_1186740_a	1_1186740_d	1_1188344_a	1_1188344_d	1_1188355_a	1_1188355_d	1_1188988_a	1_1188988_d	1_1188997_a	1_1188997_d	1_1189367_a	1_1189367_d	1_1189720_a	1_1189720_d	1_1192529_a	1_1192529_d	1_1194626_a	1_1194626_d	1_1194715_a	1_1194715_d	1_1194813_a	1_1194813_d	1_1194869_a	1_1194869_d	1_1196613_a	1_1196613_d	1_1198955_a	1_1198955_d	1_1201266_a	1_1201266_d	1_1203249_a	1_1203249_d	1_1204335_a	1_1204335_d	1_1205068_a	1_1205068_d	1_1205389_a	1_1205389_d	1_1206744_a	1_1206744_d	1_1207277_a	1_1207277_d	1_1209257_a	1_1209257_d	1_1209502_a	1_1209502_d	1_1209560_a	1_1209560_d	1_1209991_a	1_1209991_d	1_1211313_a	1_1211313_d	1_1214295_a	1_1214295_d	1_1215324_a	1_1215324_d	1_1215433_a	1_1215433_d	1_1215549_a	1_1215549_d	1_1216640_a	1_1216640_d	1_1218013_a	1_1218013_d	1_1219452_a	1_1219452_d	1_1222389_a	1_1222389_d	1_1223013_a	1_1223013_d	1_1223460_a	1_1223460_d	1_1226931_a	1_1226931_d	1_1239202_a	1_1239202_d	1_1239273_a	1_1239273_d	1_1242121_a	1_1242121_d	1_1243386_a	1_1243386_d	1_1250451_a	1_1250451_d	1_1254160_a	1_1254160_d	1_1254471_a	1_1254471_d	1_1255655_a	1_1255655_d	1_1255956_a	1_1255956_d	1_1257969_a	1_1257969_d	1_1258582_a	1_1258582_d	1_1259499_a	1_1259499_d	1_1259855_a	1_1259855_d	1_1260142_a	1_1260142_d	1_1260798_a	1_1260798_d	1_1263488_a	1_1263488_d	1_1263497_a	1_1263497_d	1_1265784_a	1_1265784_d	1_1266003_a	1_1266003_d	1_1267217_a	1_1267217_d	1_1268579_a	1_1268579_d	1_1269083_a	1_1269083_d	1_1273351_a	1_1273351_d	1_1273625_a	1_1273625_d	1_1273873_a	1_1273873_d	1_1275905_a	1_1275905_d	1_1278795_a	1_1278795_d	1_1279437_a	1_1279437_d	1_1282260_a	1_1282260_d	1_1286395_a	1_1286395_d	1_1290346_a	1_1290346_d	1_1292488_a	1_1292488_d	1_1292580_a	1_1292580_d	1_1293289_a	1_1293289_d	1_1298037_a	1_1298037_d	1_1298710_a	1_1298710_d	1_1300018_a	1_1300018_d	1_1302290_a	1_1302290_d	1_1302574_a	1_1302574_d	1_1306032_a	1_1306032_d	1_1306509_a	1_1306509_d	1_1307425_a	1_1307425_d	1_1309738_a	1_1309738_d	1_1309908_a	1_1309908_d	1_1310519_a	1_1310519_d	1_1310878_a	1_1310878_d	1_1311252_a	1_1311252_d	1_1311616_a	1_1311616_d	1_1313297_a	1_1313297_d	1_1313642_a	1_1313642_d	1_1314538_a	1_1314538_d	1_1315586_a	1_1315586_d	1_1316097_a	1_1316097_d	1_1320328_a	1_1320328_d	1_1320463_a	1_1320463_d	1_1320603_a	1_1320603_d	1_1322935_a	1_1322935_d	1_1336848_a	1_1336848_d	1_1337062_a	1_1337062_d	1_1368811_a	1_1368811_d	1_1370441_a	1_1370441_d	1_1373498_a	1_1373498_d	1_1380444_a	1_1380444_d	1_1380455_a	1_1380455_d	1_1381003_a	1_1381003_d	1_1386060_a	1_1386060_d	1_1389906_a	1_1389906_d	1_1390462_a	1_1390462_d	1_1395467_a	1_1395467_d	1_1396872_a	1_1396872_d	1_1398989_a	1_1398989_d	1_1399613_a	1_1399613_d	1_1400108_a	1_1400108_d	1_1404215_a	1_1404215_d	1_1405058_a	1_1405058_d	1_1414466_a	1_1414466_d	1_1415387_a	1_1415387_d	1_1415687_a	1_1415687_d	1_1417167_a	1_1417167_d	1_1421905_a	1_1421905_d	1_1421989_a	1_1421989_d	1_1422783_a	1_1422783_d	1_1422857_a	1_1422857_d	1_1422873_a	1_1422873_d	1_1423137_a	1_1423137_d	1_1423487_a	1_1423487_d	1_1423824_a	1_1423824_d	1_1424571_a	1_1424571_d	1_1427572_a	1_1427572_d	1_1428207_a	1_1428207_d	1_1429332_a	1_1429332_d	1_1430002_a	1_1430002_d	1_1432174_a	1_1432174_d	1_1432351_a	1_1432351_d	1_1433029_a	1_1433029_d	1_1433060_a	1_1433060_d	1_1434754_a	1_1434754_d	1_1434941_a	1_1434941_d	1_1435075_a	1_1435075_d	1_1436838_a	1_1436838_d	1_1439854_a	1_1439854_d	1_1439961_a	1_1439961_d	1_1442384_a	1_1442384_d	1_1444321_a	1_1444321_d	1_1446883_a	1_1446883_d	1_1447051_a	1_1447051_d	1_1447108_a	1_1447108_d	1_1447675_a	1_1447675_d	1_1448385_a	1_1448385_d	1_1449668_a	1_1449668_d	1_1449902_a	1_1449902_d	1_1450769_a	1_1450769_d	1_1451649_a	1_1451649_d	1_1454635_a	1_1454635_d	1_1458310_a	1_1458310_d	1_1458420_a	1_1458420_d	1_1458925_a	1_1458925_d	1_1470625_a	1_1470625_d	1_1472415_a	1_1472415_d	1_1473022_a	1_1473022_d	1_1473083_a	1_1473083_d	1_1482024_a	1_1482024_d	1_1482109_a	1_1482109_d	1_1485767_a	1_1485767_d	1_1486469_a	1_1486469_d	1_1487596_a	1_1487596_d	1_1489838_a	1_1489838_d	1_1490870_a	1_1490870_d	1_1494578_a	1_1494578_d	1_1495136_a	1_1495136_d	1_1495989_a	1_1495989_d	1_1498655_a	1_1498655_d	1_1498989_a	1_1498989_d	1_1499757_a	1_1499757_d	1_1500130_a	1_1500130_d	1_1508862_a	1_1508862_d	1_1509210_a	1_1509210_d	1_1509867_a	1_1509867_d	1_1510418_a	1_1510418_d	1_1510461_a	1_1510461_d	1_1513050_a	1_1513050_d	1_1513837_a	1_1513837_d	1_1514534_a	1_1514534_d	1_1514647_a	1_1514647_d	1_1514679_a	1_1514679_d	1_1515937_a	1_1515937_d	1_1519616_a	1_1519616_d	1_1520347_a	1_1520347_d	1_1520515_a	1_1520515_d	1_1520779_a	1_1520779_d	1_1522171_a	1_1522171_d	1_1522546_a	1_1522546_d	1_1524007_a	1_1524007_d	1_1524559_a	1_1524559_d	1_1525041_a	1_1525041_d	1_1525290_a	1_1525290_d	1_1525522_a	1_1525522_d	1_1526383_a	1_1526383_d	1_1527149_a	1_1527149_d	1_1527262_a	1_1527262_d	1_1527464_a	1_1527464_d	1_1529775_a	1_1529775_d	1_1533583_a	1_1533583_d	1_1533716_a	1_1533716_d	1_1533754_a	1_1533754_d	1_1534781_a	1_1534781_d	1_1534949_a	1_1534949_d	1_1535369_a	1_1535369_d	1_1536444_a	1_1536444_d	1_1536920_a	1_1536920_d	1_1537793_a	1_1537793_d	1_1538684_a	1_1538684_d	1_1539860_a	1_1539860_d	1_1540284_a	1_1540284_d	1_1540561_a	1_1540561_d	1_1541843_a	1_1541843_d	1_1542705_a	1_1542705_d	1_1542768_a	1_1542768_d	1_1542928_a	1_1542928_d	1_1543087_a	1_1543087_d	1_1543215_a	1_1543215_d	1_1544716_a	1_1544716_d	1_1544826_a	1_1544826_d	1_1544942_a	1_1544942_d	1_1546131_a	1_1546131_d	1_1546526_a	1_1546526_d	1_1559608_a	1_1559608_d	1_1559965_a	1_1559965_d	1_1560294_a	1_1560294_d	1_1560322_a	1_1560322_d	1_1560442_a	1_1560442_d	1_1561475_a	1_1561475_d	1_1561496_a	1_1561496_d	1_1561602_a	1_1561602_d	1_1563042_a	1_1563042_d	1_1564654_a	1_1564654_d	1_1565255_a	1_1565255_d	1_1566821_a	1_1566821_d	1_1567896_a	1_1567896_d	1_1568364_a	1_1568364_d	1_1568760_a	1_1568760_d	1_1568818_a	1_1568818_d	1_1569100_a	1_1569100_d	1_1569292_a	1_1569292_d	1_1569399_a	1_1569399_d	1_1569853_a	1_1569853_d	1_1570086_a	1_1570086_d	1_1570109_a	1_1570109_d	1_1570499_a	1_1570499_d	1_1570816_a	1_1570816_d	1_1571487_a	1_1571487_d	1_1571535_a	1_1571535_d	1_1571654_a	1_1571654_d	1_1571760_a	1_1571760_d	1_1572548_a	1_1572548_d	1_1572960_a	1_1572960_d	1_1573309_a	1_1573309_d	1_1573356_a	1_1573356_d	1_1573572_a	1_1573572_d	1_1573644_a	1_1573644_d	1_1574865_a	1_1574865_d	1_1574892_a	1_1574892_d	1_1575315_a	1_1575315_d	1_1575601_a	1_1575601_d	1_1576077_a	1_1576077_d	1_1576368_a	1_1576368_d	1_1576448_a	1_1576448_d	1_1576616_a	1_1576616_d	1_1578643_a	1_1578643_d	1_1578712_a	1_1578712_d	1_1579582_a	1_1579582_d	1_1579966_a	1_1579966_d	1_1580698_a	1_1580698_d	1_1580876_a	1_1580876_d	1_1581024_a	1_1581024_d	1_1581510_a	1_1581510_d	1_1581863_a	1_1581863_d	1_1582064_a	1_1582064_d	1_1583189_a	1_1583189_d	1_1583737_a	1_1583737_d	1_1584144_a	1_1584144_d	1_1584331_a	1_1584331_d	1_1584490_a	1_1584490_d	1_1584882_a	1_1584882_d	1_1585152_a	1_1585152_d	1_1585369_a	1_1585369_d	1_1585410_a	1_1585410_d	1_1585489_a	1_1585489_d	1_1593045_a	1_1593045_d	1_1598783_a	1_1598783_d	1_1600918_a	1_1600918_d	1_1601182_a	1_1601182_d	1_1601187_a	1_1601187_d	1_1601960_a	1_1601960_d	1_1604391_a	1_1604391_d	1_1604743_a	1_1604743_d	1_1605066_a	1_1605066_d	1_1606085_a	1_1606085_d	1_1606533_a	1_1606533_d	1_1606728_a	1_1606728_d	1_1606862_a	1_1606862_d	1_1607013_a	1_1607013_d	1_1607140_a	1_1607140_d	1_1607667_a	1_1607667_d	1_1608071_a	1_1608071_d	1_1608295_a	1_1608295_d	1_1608592_a	1_1608592_d	1_1622764_a	1_1622764_d	1_1627324_a	1_1627324_d	1_1627842_a	1_1627842_d	1_1632827_a	1_1632827_d	1_1632954_a	1_1632954_d	1_1633025_a	1_1633025_d	1_1633077_a	1_1633077_d	1_1634656_a	1_1634656_d	1_1635219_a	1_1635219_d	1_1635572_a	1_1635572_d	1_1635614_a	1_1635614_d	1_1637907_a	1_1637907_d	1_1638536_a	1_1638536_d	1_1638685_a	1_1638685_d	1_1638855_a	1_1638855_d	1_1639572_a	1_1639572_d	1_1639653_a	1_1639653_d	1_1639876_a	1_1639876_d	1_1640575_a	1_1640575_d	1_1641221_a	1_1641221_d	1_1643013_a	1_1643013_d	1_1643578_a	1_1643578_d	1_1644324_a	1_1644324_d	1_1644360_a	1_1644360_d	1_1645581_a	1_1645581_d	1_1645764_a	1_1645764_d	1_1647619_a	1_1647619_d	1_1648461_a	1_1648461_d	1_1650149_a	1_1650149_d	1_1650860_a	1_1650860_d	1_1652914_a	1_1652914_d	1_1653754_a	1_1653754_d	1_1654734_a	1_1654734_d	1_1655128_a	1_1655128_d	1_1655586_a	1_1655586_d	1_1664656_a	1_1664656_d	1_1664662_a	1_1664662_d	1_1665032_a	1_1665032_d	1_1665424_a	1_1665424_d	1_1665430_a	1_1665430_d	1_1670498_a	1_1670498_d	1_1670888_a	1_1670888_d	1_1670955_a	1_1670955_d	1_1671076_a	1_1671076_d	1_1671077_a	1_1671077_d	1_1671690_a	1_1671690_d	1_1672100_a	1_1672100_d	1_1672382_a	1_1672382_d	1_1674780_a	1_1674780_d	1_1674958_a	1_1674958_d	1_1679522_a	1_1679522_d	1_1682319_a	1_1682319_d	1_1682517_a	1_1682517_d	1_1682595_a	1_1682595_d	1_1683065_a	1_1683065_d	1_1685471_a	1_1685471_d	1_1685816_a	1_1685816_d	1_1685977_a	1_1685977_d	1_1686214_a	1_1686214_d	1_1686556_a	1_1686556_d	1_1686880_a	1_1686880_d	1_1686901_a	1_1686901_d	1_1686966_a	1_1686966_d	1_1687429_a	1_1687429_d	1_1688883_a	1_1688883_d	1_1692334_a	1_1692334_d	1_1692626_a	1_1692626_d	1_1692842_a	1_1692842_d	1_1692881_a	1_1692881_d	1_1693158_a	1_1693158_d	1_1693848_a	1_1693848_d	1_1694963_a	1_1694963_d	1_1694978_a	1_1694978_d	1_1695146_a	1_1695146_d	1_1696190_a	1_1696190_d	1_1697110_a	1_1697110_d	1_1697359_a	1_1697359_d	1_1698499_a	1_1698499_d	1_1699195_a	1_1699195_d	1_1699295_a	1_1699295_d	1_1699317_a	1_1699317_d	1_1699398_a	1_1699398_d	1_1699751_a	1_1699751_d	1_1699997_a	1_1699997_d	1_1700082_a	1_1700082_d	1_1700103_a	1_1700103_d	1_1700269_a	1_1700269_d	1_1702810_a	1_1702810_d	1_1703570_a	1_1703570_d	1_1704162_a	1_1704162_d	1_1704233_a	1_1704233_d	1_1704568_a	1_1704568_d	1_1704594_a	1_1704594_d	1_1704638_a	1_1704638_d	1_1705057_a	1_1705057_d	1_1706720_a	1_1706720_d	1_1706759_a	1_1706759_d	1_1707121_a	1_1707121_d	1_1708199_a	1_1708199_d	1_1724833_a	1_1724833_d	1_1727619_a	1_1727619_d	1_1728278_a	1_1728278_d	1_1728503_a	1_1728503_d	1_1729306_a	1_1729306_d	1_1729764_a	1_1729764_d	1_1729831_a	1_1729831_d	1_1729921_a	1_1729921_d	1_1730707_a	1_1730707_d	1_1730804_a	1_1730804_d	1_1731042_a	1_1731042_d	1_1731383_a	1_1731383_d	1_1732280_a	1_1732280_d	1_1732688_a	1_1732688_d	1_1732921_a	1_1732921_d	1_1734171_a	1_1734171_d	1_1734325_a	1_1734325_d	1_1734338_a	1_1734338_d	1_1734911_a	1_1734911_d	1_1746563_a	1_1746563_d	1_1746604_a	1_1746604_d	1_1746710_a	1_1746710_d	1_1746788_a	1_1746788_d	1_1746841_a	1_1746841_d	1_1746930_a	1_1746930_d	1_1746970_a	1_1746970_d	1_1747066_a	1_1747066_d	1_1747235_a	1_1747235_d	1_1747588_a	1_1747588_d	1_1747674_a	1_1747674_d	1_1747787_a	1_1747787_d	1_1747872_a	1_1747872_d	1_1747951_a	1_1747951_d	1_1747986_a	1_1747986_d	1_1748123_a	1_1748123_d	1_1748201_a	1_1748201_d	1_1748273_a	1_1748273_d	1_1748282_a	1_1748282_d	1_1748888_a	1_1748888_d	1_1748926_a	1_1748926_d	1_1749061_a	1_1749061_d	1_1749072_a	1_1749072_d	1_1749243_a	1_1749243_d	1_1749271_a	1_1749271_d	1_1749324_a	1_1749324_d	1_1749342_a	1_1749342_d	1_1749835_a	1_1749835_d	1_1749953_a	1_1749953_d	1_1749963_a	1_1749963_d	1_1750228_a	1_1750228_d	1_1750312_a	1_1750312_d	1_1750408_a	1_1750408_d	1_1750501_a	1_1750501_d	1_1750779_a	1_1750779_d	1_1750949_a	1_1750949_d	1_1751286_a	1_1751286_d	1_1751308_a	1_1751308_d	1_1751358_a	1_1751358_d	1_1751391_a	1_1751391_d	1_1751419_a	1_1751419_d	1_1751759_a	1_1751759_d	1_1751833_a	1_1751833_d	1_1751943_a	1_1751943_d	1_1752172_a	1_1752172_d	1_1752187_a	1_1752187_d	1_1752512_a	1_1752512_d	1_1752526_a	1_1752526_d	1_1752720_a	1_1752720_d	1_1752864_a	1_1752864_d	1_1752870_a	1_1752870_d	1_1753023_a	1_1753023_d	1_1753424_a	1_1753424_d	1_1753510_a	1_1753510_d	1_1753573_a	1_1753573_d	1_1753586_a	1_1753586_d	1_1753816_a	1_1753816_d	1_1753861_a	1_1753861_d	1_1754037_a	1_1754037_d	1_1754051_a	1_1754051_d	1_1754584_a	1_1754584_d	1_1754690_a	1_1754690_d	1_1754696_a	1_1754696_d	1_1755177_a	1_1755177_d	1_1755342_a	1_1755342_d	1_1755359_a	1_1755359_d	1_1755374_a	1_1755374_d	1_1755478_a	1_1755478_d	1_1755482_a	1_1755482_d	1_1755794_a	1_1755794_d	1_1755896_a	1_1755896_d	1_1755935_a	1_1755935_d	1_1756568_a	1_1756568_d	1_1756585_a	1_1756585_d	1_1756616_a	1_1756616_d	1_1756699_a	1_1756699_d	1_1756700_a	1_1756700_d	1_1756899_a	1_1756899_d	1_1757355_a	1_1757355_d	1_1758451_a	1_1758451_d	1_1759065_a	1_1759065_d	1_1759934_a	1_1759934_d	1_1759999_a	1_1759999_d	1_1760567_a	1_1760567_d	1_1761403_a	1_1761403_d	1_1761582_a	1_1761582_d	1_1761588_a	1_1761588_d	1_1761596_a	1_1761596_d	1_1761741_a	1_1761741_d	1_1761789_a	1_1761789_d	1_1762050_a	1_1762050_d	1_1762128_a	1_1762128_d	1_1762262_a	1_1762262_d	1_1762281_a	1_1762281_d	1_1762843_a	1_1762843_d	1_1763337_a	1_1763337_d	1_1763620_a	1_1763620_d	1_1764203_a	1_1764203_d	1_1764276_a	1_1764276_d	1_1764409_a	1_1764409_d	1_1765074_a	1_1765074_d	1_1765149_a	1_1765149_d	1_1765252_a	1_1765252_d	1_1765809_a	1_1765809_d	1_1765828_a	1_1765828_d	1_1765990_a	1_1765990_d	1_1766142_a	1_1766142_d	1_1766262_a	1_1766262_d	1_1766462_a	1_1766462_d	1_1766512_a	1_1766512_d	1_1766546_a	1_1766546_d	1_1770435_a	1_1770435_d	1_1770436_a	1_1770436_d	1_1771171_a	1_1771171_d	1_1771834_a	1_1771834_d	1_1772462_a	1_1772462_d	1_1773207_a	1_1773207_d	1_1773424_a	1_1773424_d	1_1773765_a	1_1773765_d	1_1773770_a	1_1773770_d	1_1773978_a	1_1773978_d	1_1774008_a	1_1774008_d	1_1774332_a	1_1774332_d	1_1774352_a	1_1774352_d	1_1774429_a	1_1774429_d	1_1774431_a	1_1774431_d	1_1774453_a	1_1774453_d	1_1774462_a	1_1774462_d	1_1774521_a	1_1774521_d	1_1774661_a	1_1774661_d	1_1774707_a	1_1774707_d	1_1774933_a	1_1774933_d	1_1774990_a	1_1774990_d	1_1775154_a	1_1775154_d
B73xZ015	5	-5	-5	-5	10	-10	10	-10	0	0	0	0	10	-10	10	-10	10	-10	5	-5	0	0	0	0	0	0	-5	-5	0	0	5	-5	10	-10	10	-10	10	-10	10	-10	5	-5	5	-5	0	0	10	-10	-5	-5	5	-5	10	-10	10	-10	0	0	0	0	-5	-5	5	-5	0	0	10	-10	0	0	10	-10	10	-10	0	0	0	0	10	-10	0	0	0	0	5	-5	0	0	0	0	5	-5	10	-10	10	-10	10	-10	10	-10	10	-10	10	-10	10	-10	5	-5	10	-10	0	0	0	0	10	-10	5	-5	0	0	5	-5	10	-10	0	0	0	0	10	-10	5	-5	10	-10	0	0	0	0	5	-5	5	-5	-5	-5	5	-5	0	0	-5	-5	0	0	10	-10	0	0	0	0	-5	-5	10	-10	10	-10	10	-10	5	-5	0	0	0	0	10	-10	-5	-5	5	-5	-5	-5	10	-10	0	0	0	0	10	-10	10	-10	10	-10	10	-10	10	-10	10	-10	10	-10	10	-10	-5	-5	0	0	10	-10	0	0	0	0	0	0	10	-10	10	-10	0	0	0	0	10	-10	10	-10	5	-5	10	-10	5	-5	-5	-5	10	-10	10	-10	0	0	-5	-5	10	-10	0	0	0	0	-5	-5	10	-10	5	-5	10	-10	10	-10	10	-10	0	0	0	0	10	-10	0	0	0	0	0	0	0	0	10	-10	0	0	5	-5	-10	-10	-5	-5	10	-10	10	-10	10	-10	10	-10	10	-10	10	-10	10	-10	10	-10	10	-10	10	-10	10	-10	10	-10	10	-10	10	-10	-10	-10	10	-10	10	-10	5	-5	10	-10	10	-10	-10	-10	10	-10	10	-10	10	-10	10	-10	-5	-5	5	-5	5	-5	5	-5	10	-10	-10	-10	-10	-10	5	-5	10	-10	10	-10	-10	-10	10	-10	10	-10	0	0	-10	-10	5	-5	5	-5	10	-10	10	-10	10	-10	5	-5	5	-5	10	-10	0	0	0	0	10	-10	5	-5	10	-10	10	-10	10	-10	10	-10	5	-5	-10	-10	5	-5	5	-5	5	-5	10	-10	10	-10	10	-10	-10	-10	-5	-5	5	-5	10	-10	10	-10	10	-10	-10	-10	-10	-10	10	-10	0	0	10	-10	10	-10	10	-10	10	-10	-10	-10	5	-5	10	-10	10	-10	0	0	-10	-10	10	-10	5	-5	-10	-10	-10	-10	-10	-10	10	-10	-10	-10	5	-5	-5	-5	10	-10	10	-10	-10	-10	-10	-10	10	-10	5	-5	10	-10	10	-10	-10	-10	5	-5	-10	-10	5	-5	10	-10	10	-10	5	-5	-10	-10	-10	-10	10	-10	10	-10	10	-10	10	-10	5	-5	10	-10	0	0	5	-5	10	-10	10	-10	10	-10	10	-10	5	-5	10	-10	5	-5	-10	-10	10	-10	10	-10	0	0	10	-10	10	-10	-10	-10	5	-5	10	-10	10	-10	-5	-5	10	-10	10	-10	10	-10	10	-10	-5	-5	10	-10	10	-10	10	-10	5	-5	10	-10	10	-10	10	-10	5	-5	10	-10	10	-10	10	-10	10	-10	10	-10	-5	-5	5	-5	10	-10	10	-10	10	-10	5	-5	10	-10	10	-10	10	-10	5	-5	10	-10	10	-10	-10	-10	10	-10	10	-10	10	-10	10	-10	5	-5	-5	-5	5	-5	-10	-10	10	-10	10	-10	10	-10	10	-10	10	-10	10	-10	-10	-10	10	-10	10	-10	10	-10	5	-5	-10	-10	0	0	-5	-5	10	-10	0	0	5	-5	10	-10	10	-10	10	-10	10	-10	-10	-10	10	-10	5	-5	10	-10	5	-5	-10	-10	-10	-10	10	-10	10	-10	10	-10	5	-5	10	-10	10	-10	10	-10	10	-10	0	0	5	-5	10	-10	-5	-5	5	-5	0	0	5	-5	0	0	0	0	0	0	0	0	-5	-5	5	-5	0	0	10	-10	0	0	0	0	10	-10	10	-10	0	0	5	-5	0	0	10	-10	0	0	0	0	10	-10	10	-10	10	-10	10	-10	10	-10	0	0	5	-5	0	0	10	-10	10	-10	5	-5	5	-5	0	0	0	0	5	-5	10	-10	10	-10	10	-10	0	0	10	-10	0	0	0	0	0	0	10	-10	10	-10	10	-10	0	0	5	-5	10	-10	10	-10	5	-5	10	-10	10	-10	0	0	10	-10	0	0	10	-10	10	-10	5	-5	0	0	0	0	10	-10	0	0	10	-10	0	0	0	0	5	-5	0	0	10	-10	0	0	0	0	0	0	0	0	0	0	0	0	10	-10	10	-10	0	0	10	-10	10	-10	0	0	5	-5	10	-10	10	-10	5	-5	10	-10	0	0	5	-5	10	-10	10	-10	0	0	10	-10	10	-10	0	0	-5	-5	10	-10	10	-10	0	0	0	0	-10	-10	5	-5	10	-10	0	0	0	0	0	0	10	-10	5	-5	0	0	0	0	5	-5	10	-10	0	0	0	0	0	0	0	0	10	-10	10	-10	0	0	0	0	-5	-5	5	-5	-5	-5	10	-10	-5	-5	5	-5	10	-10	0	0	5	-5	10	-10	10	-10	10	-10	0	0	10	-10	10	-10	10	-10	10	-10	0	0	5	-5	0	0	0	0	5	-5	0	0	5	-5	0	0	10	-10	0	0	-5	-5	0	0	10	-10	10	-10	5	-5	-5	-5	5	-5	5	-5	0	0	0	0	0	0	0	0	5	-5	10	-10	0	0	0	0	5	-5	0	0	10	-10	0	0	10	-10	10	-10	0	0	5	-5	5	-5	10	-10	10	-10	10	-10	0	0	5	-5	0	0	10	-10	10	-10	5	-5	5	-5	10	-10	5	-5	10	-10	0	0	0	0	0	0	10	-10	10	-10	0	0	5	-5	10	-10	10	-10	10	-10	0	0	10	-10	0	0	5	-5	10	-10	5	-5	0	0	10	-10	5	-5	0	0	10	-10	10	-10	5	-5	10	-10	0	0	10	-10	5	-5	5	-5	10	-10	5	-5	5	-5	10	-10	5	-5	-5	-5	5	-5	0	0	5	-5	5	-5	10	-10	0	0	5	-5	10	-10	0	0	0	0	10	-10	0	0	5	-5	10	-10	10	-10	5	-5	5	-5	0	0	0	0	-5	-5	5	-5	10	-10	10	-10	10	-10	0	0	0	0	0	0	0	0	0	0	10	-10	0	0	10	-10	0	0	10	-10	10	-10	0	0	10	-10	0	0	5	-5	10	-10	5	-5	0	0	0	0	0	0	0	0	10	-10	-5	-5	10	-10	5	-5	0	0	0	0	0	0	0	0	0	0	-5	-5	5	-5	-5	-5	0	0	0	0	5	-5	0	0	5	-5	0	0	0	0	-5	-5	0	0	-5	-5	0	0	0	0	0	0	10	-10	10	-10	10	-10	0	0	10	-10	5	-5	10	-10	-5	-5	0	0	0	0	10	-10	10	-10	10	-10	10	-10	10	-10	10	-10	0	0	0	0	5	-5	0	0	0	0	5	-5	5	-5	0	0	0	0	0	0	5	-5	10	-10	0	0	0	0	0	0	0	0	0	0	0	0	0	0	5	-5	10	-10	10	-10	10	-10	0	0	0	0	10	-10	0	0	0	0	0	0	10	-10	0	0	10	-10	0	0	10	-10	0	0	-5	-5	10	-10	0	0	0	0	0	0	5	-5	10	-10	0	0	5	-5	10	-10	0	0	5	-5	0	0	5	-5	0	0	0	0	0	0	5	-5	10	-10	0	0	0	0	-5	-5	0	0	0	0	5	-5	0	0	-5	-5	5	-5	-5	-5	0	0	0	0	0	0	0	0	10	-10	0	0	0	0	10	-10	10	-10	0	0	10	-10	0	0	-5	-5	10	-10	0	0	5	-5	0	0	0	0	5	-5	0	0	0	0	0	0	5	-5	0	0	10	-10	0	0	0	0	10	-10	5	-5	0	0	5	-5	0	0	0	0	5	-5	0	0	5	-5	0	0	0	0	0	0	0	0	-10	-10	10	-10	0	0	-5	-5	0	0	0	0	0	0	0	0	0	0	10	-10	5	-5	0	0	0	0	5	-5	10	-10	0	0	0	0	0	0	0	0	0	0	0	0	10	-10	10	-10	10	-10	10	-10	10	-10	10	-10	5	-5	10	-10	10	-10	0	0	10	-10	10	-10	5	-5	10	-10	5	-5	5	-5	10	-10	5	-5	0	0	10	-10	10	-10	10	-10	0	0	5	-5	10	-10	10	-10	10	-10	10	-10	10	-10	10	-10	10	-10	10	-10	0	0	10	-10	0	0	10	-10	5	-5	10	-10	0	0	10	-10	10	-10	10	-10	10	-10	10	-10	10	-10	10	-10	10	-10	10	-10	5	-5	10	-10	10	-10	10	-10	10	-10	0	0	10	-10	10	-10	10	-10	10	-10	10	-10	10	-10	5	-5	10	-10	5	-5	10	-10	10	-10	10	-10	10	-10	10	-10	10	-10	10	-10	0	0	10	-10	0	0	10	-10	10	-10	5	-5	10	-10	10	-10	10	-10	10	-10	0	0	10	-10	10	-10	10	-10	5	-5	10	-10	10	-10	10	-10	10	-10	10	-10	10	-10	10	-10	10	-10	5	-5	10	-10	5	-5	5	-5	10	-10	10	-10	0	0	0	0	-5	-5	10	-10	10	-10	10	-10	5	-5	0	0	0	0	5	-5	0	0	0	0	5	-5	10	-10	10	-10	10	-10	5	-5	0	0	0	0	0	0	10	-10	10	-10	5	-5	5	-5	10	-10	0	0	0	0	0	0	10	-10	10	-10	10	-10	10	-10	0	0	-5	-5	0	0	0	0	10	-10	0	0	0	0	0	0	10	-10	0	0	10	-10	0	0	0	0	10	-10	10	-10	10	-10	0	0	0	0	-5	-5	5	-5	5	-5	10	-10	5	-5	10	-10	5	-5	5	-5	0	0	0	0	10	-10	0	0	0	0	5	-5	5	-5	5	-5	0	0	5	-5	-5	-5	-5	-5	0	0	0	0	-10	-10	10	-10	0	0	5	-5	0	0	10	-10	10	-10	10	-10	10	-10	5	-5	10	-10	10	-10	10	-10	0	0	5	-5	5	-5	-5	-5	10	-10	5	-5	5	-5	5	-5	5	-5	5	-5	5	-5	0	0	5	-5	5	-5	5	-5	5	-5	0	0	10	-10	0	0	10	-10	0	0	5	-5	0	0	0	0	0	0	0	0	0	0	10	-10
Z014xZ025	0	0	5	-5	-10	-10	-10	-10	0	0	10	-10	0	0	0	0	10	-10	0	0	0	0	5	-5	10	-10	10	-10	0	0	5	-5	0	0	-5	-5	0	0	0	0	-10	-10	0	0	10	-10	10	-10	-5	-5	10	-10	10	-10	10	-10	10	-10	10	-10	5	-5	0	0	10	-10	10	-10	10	-10	5	-5	10	-10	10	-10	0	0	10	-10	10	-10	10	-10	10	-10	10	-10	10	-10	10	-10	10	-10	5	-5	10	-10	5	-5	5	-5	10	-10	0	0	0	0	0	0	0	0	0	0	0	0	0	0	0	0	-5	-5	10	-10	10	-10	5	-5	5	-5	5	-5	5	-5	-5	-5	10	-10	5	-5	-10	-10	-5	-5	-5	-5	0	0	0	0	-5	-5	10	-10	10	-10	0	0	5	-5	10	-10	10	-10	10	-10	10	-10	0	0	0	0	10	-10	0	0	5	-5	5	-5	10	-10	-10	-10	5	-5	5	-5	5	-5	10	-10	10	-10	10	-10	10	-10	10	-10	5	-5	10	-10	10	-10	10	-10	10	-10	0	0	5	-5	5	-5	0	0	10	-10	5	-5	10	-10	10	-10	5	-5	10	-10	10	-10	5	-5	10	-10	5	-5	0	0	0	0	10	-10	0	0	10	-10	5	-5	10	-10	5	-5	10	-10	10	-10	5	-5	5	-5	10	-10	10	-10	5	-5	10	-10	10	-10	10	-10	10	-10	5	-5	10	-10	10	-10	0	0	0	0	0	0	10	-10	-5	-5	0	0	0	0	10	-10	0	0	10	-10	10	-10	5	-5	0	0	0	0	0	0	10	-10	0	0	10	-10	0	0	0	0	5	-5	10	-10	0	0	10	-10	-5	-5	10	-10	10	-10	10	-10	5	-5	5	-5	10	-10	5	-5	0	0	-5	-5	-5	-5	0	0	10	-10	0	0	0	0	-5	-5	10	-10	5	-5	10	-10	5	-5	5	-5	10	-10	0	0	0	0	0	0	10	-10	10	-10	0	0	5	-5	10	-10	0	0	0	0	5	-5	10	-10	5	-5	0	0	10	-10	5	-5	10	-10	5	-5	0	0	5	-5	0	0	10	-10	5	-5	0	0	-5	-5	10	-10	10	-10	-5	-5	-5	-5	0	0	5	-5	10	-10	0	0	10	-10	10	-10	5	-5	0	0	5	-5	10	-10	5	-5	5	-5	10	-10	10	-10	10	-10	5	-5	10	-10	5	-5	5	-5	10	-10	5	-5	0	0	5	-5	-5	-5	5	-5	5	-5	-5	-5	5	-5	5	-5	5	-5	0	0	5	-5	5	-5	5	-5	5	-5	5	-5	5	-5	10	-10	10	-10	0	0	5	-5	10	-10	10	-10	5	-5	10	-10	10	-10	-5	-5	0	0	5	-5	10	-10	10	-10	0	0	0	0	5	-5	10	-10	0	0	0	0	10	-10	10	-10	0	0	5	-5	5	-5	0	0	0	0	0	0	0	0	10	-10	0	0	10	-10	10	-10	10	-10	0	0	5	-5	10	-10	5	-5	5	-5	10	-10	5	-5	0	0	0	0	10	-10	0	0	10	-10	5	-5	5	-5	10	-10	10	-10	0	0	10	-10	10	-10	10	-10	0	0	-5	-5	10	-10	10	-10	10	-10	5	-5	5	-5	5	-5	10	-10	5	-5	5	-5	10	-10	10	-10	0	0	10	-10	0	0	10	-10	10	-10	10	-10	0	0	10	-10	10	-10	0	0	5	-5	0	0	10	-10	10	-10	10	-10	5	-5	10	-10	10	-10	10	-10	10	-10	10	-10	10	-10	-5	-5	10	-10	0	0	10	-10	10	-10	5	-5	5	-5	5	-5	5	-5	5	-5	5	-5	-5	-5	10	-10	5	-5	0	0	5	-5	0	0	10	-10	-5	-5	0	0	0	0	0	0	0	0	5	-5	5	-5	10	-10	0	0	10	-10	10	-10	10	-10	5	-5	10	-10	5	-5	5	-5	0	0	0	0	10	-10	0	0	10	-10	10	-10	5	-5	0	0	10	-10	-5	-5	10	-10	10	-10	0	0	5	-5	5	-5	0	0	10	-10	10	-10	10	-10	10	-10	0	0	10	-10	0	0	0	0	0	0	10	-10	10	-10	10	-10	-5	-5	10	-10	10	-10	10	-10	-5	-5	10	-10	10	-10	0	0	10	-10	0	0	5	-5	5	-5	5	-5	5	-5	5	-5	0	0	0	0	5	-5	0	0	0	0	5	-5	10	-10	0	0	0	0	10	-10	10	-10	0	0	10	-10	0	0	10	-10	5	-5	0	0	5	-5	10	-10	10	-10	5	-5	5	-5	10	-10	10	-10	10	-10	5	-5	10	-10	5	-5	10	-10	5	-5	5	-5	5	-5	0	0	0	0	5	-5	10	-10	0	0	0	0	-5	-5	10	-10	5	-5	10	-10	5	-5	0	0	0	0	5	-5	5	-5	5	-5	5	-5	5	-5	5	-5	5	-5	5	-5	5	-5	10	-10	5	-5	5	-5	5	-5	0	0	5	-5	5	-5	5	-5	0	0	5	-5	10	-10	10	-10	5	-5	5	-5	10	-10	5	-5	10	-10	0	0	10	-10	5	-5	10	-10	5	-5	5	-5	5	-5	0	0	5	-5	5	-5	5	-5	10	-10	5	-5	5	-5	5	-5	0	0	10	-10	5	-5	5	-5	5	-5	5	-5	5	-5	5	-5	-5	-5	5	-5	5	-5	5	-5	5	-5	5	-5	5	-5	0	0	0	0	5	-5	5	-5	5	-5	5	-5	5	-5	5	-5	5	-5	5	-5	5	-5	5	-5	10	-10	-5	-5	5	-5	0	0	5	-5	0	0	5	-5	5	-5	5	-5	10	-10	-10	-10	10	-10	5	-5	5	-5	5	-5	5	-5	5	-5	5	-5	5	-5	0	0	0	0	5	-5	0	0	0	0	10	-10	5	-5	0	0	0	0	5	-5	5	-5	10	-10	0	0	10	-10	10	-10	5	-5	10	-10	10	-10	10	-10	0	0	10	-10	10	-10	5	-5	5	-5	0	0	5	-5	10	-10	10	-10	10	-10	10	-10	10	-10	0	0	10	-10	10	-10	0	0	10	-10	10	-10	10	-10	10	-10	10	-10	-5	-5	5	-5	10	-10	10	-10	10	-10	10	-10	10	-10	10	-10	10	-10	10	-10	0	0	0	0	0	0	10	-10	10	-10	10	-10	10	-10	10	-10	10	-10	10	-10	5	-5	5	-5	5	-5	5	-5	10	-10	0	0	5	-5	5	-5	5	-5	5	-5	10	-10	-5	-5	10	-10	10	-10	0	0	10	-10	5	-5	10	-10	10	-10	10	-10	0	0	10	-10	5	-5	10	-10	5	-5	10	-10	10	-10	10	-10	5	-5	10	-10	10	-10	5	-5	5	-5	-5	-5	10	-10	0	0	10	-10	5	-5	10	-10	5	-5	10	-10	5	-5	5	-5	10	-10	0	0	10	-10	10	-10	5	-5	0	0	10	-10	10	-10	0	0	10	-10	0	0	-5	-5	5	-5	0	0	0	0	10	-10	5	-5	10	-10	10	-10	10	-10	10	-10	5	-5	10	-10	10	-10	10	-10	10	-10	0	0	0	0	10	-10	10	-10	0	0	0	0	0	0	0	0	10	-10	0	0	10	-10	10	-10	0	0	5	-5	0	0	0	0	0	0	0	0	-5	-5	5	-5	10	-10	10	-10	5	-5	0	0	0	0	5	-5	5	-5	10	-10	10	-10	0	0	10	-10	5	-5	0	0	10	-10	5	-5	0	0	10	-10	10	-10	0	0	10	-10	0	0	5	-5	5	-5	0	0	5	-5	10	-10	0	0	0	0	0	0	10	-10	-5	-5	-5	-5	-5	-5	0	0	10	-10	0	0	0	0	0	0	10	-10	-5	-5	0	0	10	-10	10	-10	10	-10	0	0	5	-5	10	-10	0	0	10	-10	10	-10	0	0	10	-10	0	0	10	-10	-5	-5	10	-10	5	-5	5	-5	5	-5	10	-10	10	-10	10	-10	5	-5	5	-5	10	-10	0	0	0	0	5	-5	10	-10	10	-10	5	-5	10	-10	0	0	5	-5	10	-10	0	0	10	-10	10	-10	10	-10	0	0	0	0	10	-10	-10	-10	-10	-10	10	-10	10	-10	0	0	-10	-10	0	0	-5	-5	-5	-5	5	-5	0	0	0	0	0	0	0	0	-5	-5	0	0	-5	-5	0	0	0	0	10	-10	5	-5	-5	-5	0	0	0	0	-5	-5	-5	-5	-5	-5	5	-5	-5	-5	5	-5	-5	-5	-5	-5	0	0	0	0	-5	-5	-5	-5	0	0	0	0	0	0	5	-5	-10	-10	0	0	-5	-5	5	-5	0	0	0	0	5	-5	-10	-10	0	0	0	0	-10	-10	0	0	-5	-5	-5	-5	-5	-5	0	0	-5	-5	-5	-5	5	-5	-5	-5	-5	-5	0	0	0	0	0	0	0	0	10	-10	0	0	0	0	-5	-5	-5	-5	-5	-5	-5	-5	0	0	5	-5	5	-5	0	0	10	-10	5	-5	0	0	-5	-5	-5	-5	0	0	5	-5	-5	-5	5	-5	10	-10	0	0	-5	-5	0	0	10	-10	-5	-5	0	0	0	0	0	0	0	0	0	0	0	0	-5	-5	-5	-5	0	0	0	0	0	0	5	-5	-10	-10	10	-10	5	-5	0	0	-5	-5	0	0	5	-5	5	-5	10	-10	10	-10	5	-5	10	-10	0	0	0	0	10	-10	0	0	10	-10	5	-5	0	0	5	-5	5	-5	0	0	0	0	5	-5	5	-5	5	-5	0	0	0	0	0	0	5	-5	5	-5	5	-5	5	-5	5	-5	5	-5	5	-5	5	-5	5	-5	5	-5	5	-5	5	-5	0	0	0	0	5	-5	5	-5	5	-5	5	-5	-5	-5	5	-5	5	-5	0	0	5	-5	5	-5	5	-5	5	-5	5	-5	5	-5	5	-5	0	0	-5	-5	5	-5	0	0	10	-10	5	-5	0	0	5	-5	5	-5	5	-5	5	-5	10	-10	10	-10	0	0	10	-10	10	-10	10	-10	0	0	5	-5	10	-10	10	-10	10	-10	10	-10	10	-10	-5	-5	5	-5	5	-5	10	-10	-10	-10	10	-10	5	-5	5	-5	5	-5	0	0	0	0	0	0	0	0	0	0	0	0	5	-5	10	-10	-10	-10	5	-5	5	-5	5	-5	5	-5	10	-10	10	-10	10	-10	10	-10	10	-10	10	-10	10	-10	10	-10	5	-5	5	-5
